
Welcome to Gradle 9.7.0!

Here are the highlights of this release:
 - Isolated Projects graduates to incubating
 - Broader Configuration Cache compatibility
 - More source locations in problem reports

For more details see https://docs.gradle.org/9.7.0/release-notes.html

Starting a Gradle Daemon (subsequent builds will be faster)

> Configure project :
Fabric Loom: 1.16.3

Cannot remap modifiers because it does not exist in any of the targets [] or their parents.

> Task :compileJava
Note: /home/runner/work/soulmod/soulmod/src/main/java/com/soulsouls/SoulSouls.java uses or overrides a deprecated API.
Note: Recompile with -Xlint:deprecation for details.

> Task :processResources
> Task :classes
> Task :generateLog4jConfig
> Task :generateRemapClasspath
> Task :generateDLIConfig
> Task :configureLaunch

> Task :runServer
[21:49:10] [main/INFO] (FabricLoader/GameProvider) Loading Minecraft 1.21.11 with Fabric Loader 0.19.3
[21:49:10] [main/WARN] (FabricLoader/Resolution) Warnings were found!
 - Mod 'Soul Souls' (soulsouls) 1.4.0 recommends any version of fabric-api, which is missing!
	 - You should install any version of fabric-api for the optimal experience.
[21:49:10] [main/INFO] (FabricLoader) Loading 11 mods:
	- fabric-api-base 1.0.5+4ebb5c083e
	- fabric-command-api-v2 2.4.7+6b42a6003e
	- fabric-entity-events-v1 3.1.1+1d0ab4303e
	- fabric-events-interaction-v0 4.1.1+3b89ecf63e
	- fabric-lifecycle-events-v1 2.6.15+4ebb5c083e
	- fabric-networking-api-v1 5.1.6+6b6d71a53e
	- fabricloader 0.19.3
	- java 21
	- minecraft 1.21.11
	- mixinextras 0.5.4
	- soulsouls 1.4.0
[21:49:10] [main/INFO] (FabricLoader/Mixin) SpongePowered MIXIN Subsystem Version=0.8.7 Source=file:/home/runner/.gradle/caches/modules-2/files-2.1/net.fabricmc/sponge-mixin/0.17.3+mixin.0.8.7/41c4a3984a80f4679e759fb9f495587acc5cdac7/sponge-mixin-0.17.3+mixin.0.8.7.jar Service=Knot/Fabric Env=SERVER
[21:49:10] [main/INFO] (FabricLoader/Mixin) Loaded Fabric development mappings for mixin remapper!
[21:49:10] [main/INFO] (FabricLoader/Mixin) Compatibility level set to JAVA_21
[21:49:12] [main/INFO] (FabricLoader/MixinExtras|Service) Initializing MixinExtras via com.llamalad7.mixinextras.service.MixinExtrasServiceImpl(version=0.5.4).
[21:49:17] [main/INFO] (Soul Souls) Soul Souls ready
[21:49:17] [main/INFO] (Minecraft) Environment: Environment[sessionHost=https://sessionserver.mojang.com, servicesHost=https://api.minecraftservices.com, profilesHost=https://api.mojang.com, name=PROD]
[21:49:18] [main/INFO] (Minecraft) No existing world data, creating new world
[21:49:18] [main/ERROR] (Minecraft) No key layers in MapLike[{}]
[21:49:19] [main/INFO] (Minecraft) Loaded 1470 recipes
[21:49:19] [main/INFO] (Minecraft) Loaded 1584 advancements
[21:49:19] [Server thread/INFO] (Minecraft) Starting minecraft server version 1.21.11
[21:49:19] [Server thread/INFO] (Minecraft) Loading properties
[21:49:19] [Server thread/INFO] (Minecraft) Default game type: SURVIVAL
[21:49:19] [Server thread/INFO] (Minecraft) Generating keypair
[21:49:19] [Server thread/INFO] (Minecraft) Starting Minecraft server on *:25565
[21:49:19] [Server thread/WARN] (Minecraft) **** SERVER IS RUNNING IN OFFLINE/INSECURE MODE!
[21:49:19] [Server thread/WARN] (Minecraft) The server will make no attempt to authenticate usernames. Beware.
[21:49:19] [Server thread/WARN] (Minecraft) While this makes the game possible to play without internet access, it also opens up the ability for hackers to connect with any username they choose.
[21:49:19] [Server thread/WARN] (Minecraft) To change this, set "online-mode" to "true" in the server.properties file.
[21:49:19] [Server thread/INFO] (Minecraft) Preparing level "world"
[21:49:19] [Server thread/INFO] (Minecraft) Selecting global world spawn...
[21:49:20] [Server thread/INFO] (Minecraft) Loading 0 persistent chunks...
[21:49:20] [Server thread/INFO] (Minecraft) Preparing spawn area: 100%
[21:49:20] [Server thread/INFO] (Minecraft) Time elapsed: 466 ms
[21:49:20] [Server thread/INFO] (Minecraft) Done (0.632s)! For help, type "help"
[21:49:20] [Server thread/INFO] (Soul Souls) Loaded 16 Souls and Soul data for 0 players
